login as: admin
Keyboard-interactive authentication prompts from server:
| Password:
End of keyboard-interactive prompts from server
Activate the web console with: systemctl enable --now cockpit.socket

Last login: Tue May  9 10:52:50 2023
[admin@authserve ~]$
[admin@authserve ~]$
[admin@authserve ~]$ route -n
Kernel IP routing table
Destination     Gateway         Genmask         Flags Metric Ref    Use Iface
0.0.0.0         10.100.104.2    0.0.0.0         UG    100    0        0 ens160
10.100.104.0    0.0.0.0         255.255.255.0   U     100    0        0 ens160
172.16.87.0     10.100.104.252  255.255.255.0   UG    100    0        0 ens160
172.23.20.96    10.100.104.252  255.255.255.224 UG    100    0        0 ens160
172.23.20.128   10.100.104.252  255.255.255.224 UG    100    0        0 ens160
172.23.21.0     10.100.104.252  255.255.255.0   UG    100    0        0 ens160
172.23.24.0     10.100.104.252  255.255.255.0   UG    100    0        0 ens160
172.23.25.0     10.100.104.252  255.255.255.0   UG    100    0        0 ens160
172.23.26.0     10.100.104.252  255.255.255.0   UG    100    0        0 ens160
172.30.30.0     10.100.104.252  255.255.255.0   UG    100    0        0 ens160
192.168.200.0   10.100.104.252  255.255.255.0   UG    100    0        0 ens160
[admin@authserve ~]$ ip a
1: lo: <LOOPBACK,UP,LOWER_UP> mtu 65536 qdisc noqueue state UNKNOWN group default qlen 1000
    link/loopback 00:00:00:00:00:00 brd 00:00:00:00:00:00
    inet 127.0.0.1/8 scope host lo
       valid_lft forever preferred_lft forever
    inet6 ::1/128 scope host
       valid_lft forever preferred_lft forever
2: ens160: <BROADCAST,MULTICAST,UP,LOWER_UP> mtu 1500 qdisc mq state UP group default qlen 1000
    link/ether 00:0c:29:24:75:4c brd ff:ff:ff:ff:ff:ff
    inet 10.100.104.100/24 brd 10.100.104.255 scope global noprefixroute ens160
       valid_lft forever preferred_lft forever
    inet6 fe80::20c:29ff:fe24:754c/64 scope link noprefixroute
       valid_lft forever preferred_lft forever
[admin@authserve ~]$
[admin@authserve ~]$
[admin@authserve ~]$ cat /etc/hosts
127.0.0.1   localhost localhost.localdomain localhost4 localhost4.localdomain4
::1         localhost localhost.localdomain localhost6 localhost6.localdomain6
10.100.104.100 authserve.actcorp.in authserve
[admin@authserve ~]$ cat /etc/resolv.cpnf
cat: /etc/resolv.cpnf: No such file or directory
[admin@authserve ~]$ cat /etc/resolv.conf
# Generated by NetworkManager
search actcorp.in
nameserver 8.8.8.8
nameserver 8.8.4.4
[admin@authserve ~]$ reboot
Failed to set wall message, ignoring: Interactive authentication required.
Failed to reboot system via logind: Interactive authentication required.
Failed to open initctl fifo: Permission denied
Failed to talk to init daemon.
[admin@authserve ~]$


ansible - act@123$
admin - $0nyDCm@x
root - act@360$
accesible from - 10.100.111.101